***** External Functions *****
1    AdminAskPath                                       isrt.obl(ISRTScriptDialogs.obs)
2    AllFeaturesDeselected                              iswi.obl(CompHelperFuncs.obs)
3    CHECK_RETURN                                       iswi.obl(ErrHandler.obs)
4    ChangeDirectory                                    isrt.obl(Files.obs)
5    CloseFile                                          isrt.obl(Files.obs)
6    CmdGetHwndDlg                                      isrt.obl(CustomDialog.obs)
7    ComponentCompareSizeRequired                       isrt.obl(component.obs)
8    ComponentErrorInfo                                 isrt.obl(component.obs)
9    ComponentGetData                                   isrt.obl(component.obs)
10   ComponentGetTotalCost                              isrt.obl(component.obs)
11   ComponentIsItemSelected                            isrt.obl(component.obs)
12   ComponentListItems                                 isrt.obl(component.obs)
13   ComponentReinstall                                 isrt.obl(component.obs)
14   ComponentRemoveAll                                 isrt.obl(component.obs)
15   ComponentSaveTarget                                isrt.obl(component.obs)
16   ComponentSelectItem                                isrt.obl(component.obs)
17   ComponentTransferData                              isrt.obl(component.obs)
18   ComponentTreeInit                                  isrt.obl(Dialogs.obs)
19   CreateDir                                          isrt.obl(Files.obs)
20   CreateFile                                         isrt.obl(Files.obs)
21   CreateInstallationInfo                             isrt.obl(Registry.obs)
22   CtrlGetDlgItem                                     isrt.obl(CustomDialog.obs)
23   CtrlGetNotificationCode                            isrt.obl(CustomDialog.obs)
24   CtrlGetState                                       isrt.obl(CustomDialog.obs)
25   CtrlGetSubCommand                                  isrt.obl(CustomDialog.obs)
26   CtrlGetText                                        isrt.obl(CustomDialog.obs)
27   CtrlSelectText                                     isrt.obl(CustomDialog.obs)
28   CtrlSetList                                        isrt.obl(CustomDialog.obs)
29   CtrlSetState                                       isrt.obl(CustomDialog.obs)
30   CtrlSetText                                        isrt.obl(CustomDialog.obs)
31   DefineDialog                                       isrt.obl(CustomDialog.obs)
32   DeleteFile                                         isrt.obl(Files.obs)
33   DeleteFiles                                        Setup.obs
34   DeleteSingleFile                                   isrt.obl(Files.obs)
35   DialogSetDefaultFont                               isrt.obl(Dialogs.obs)
36   DialogSetFont                                      isrt.obl(Dialogs.obs)
37   DialogSetInfo                                      isrt.obl(Dialogs.obs)
38   Disable                                            isrt.obl(Enable.obs)
39   DllSizeOf                                          isrt.obl(Str.obs)
40   Do                                                 isrt.obl(Misc.obs)
41   Enable                                             isrt.obl(Enable.obs)
42   EndCurrentDialog                                   isrt.obl(Dialogs.obs)
43   EndDialog                                          isrt.obl(CustomDialog.obs)
44   ExistsDir                                          isrt.obl(Files.obs)
45   EzDefineDialog                                     isrt.obl(CustomDialog.obs)
46   FeatureCompareSizeRequired                         iswi.obl(FeatureConv.obs)
47   FeatureErrorInfo                                   iswi.obl(ComponentConv.obs)
48   FeatureFilterLanguage                              iswi.obl(FeatureConv.obs)
49   FeatureFilterOS                                    iswi.obl(FeatureConv.obs)
50   FeatureGetData                                     iswi.obl(ComponentConv.obs)
51   FeatureGetTotalCost                                iswi.obl(FeatureConv.obs)
52   FeatureIsItemSelected                              iswi.obl(ComponentConv.obs)
53   FeatureListItems                                   iswi.obl(ComponentConv.obs)
54   FeatureReinstall                                   iswi.obl(ComponentConv.obs)
55   FeatureRemoveAll                                   iswi.obl(ComponentConv.obs)
56   FeatureSaveTarget                                  iswi.obl(FeatureConv.obs)
57   FeatureSelectItem                                  iswi.obl(ComponentConv.obs)
58   FeatureSetupTypeSet                                iswi.obl(ComponentConv.obs)
59   FeatureStandardSetupTypeSet                        iswi.obl(FeatureConv.obs)
60   FeatureTransferData                                iswi.obl(ComponentConv.obs)
61   FeaturesInstalled                                  iswi.obl(FileTransferFuncsConv.obs)
62   FeaturesInstalling                                 iswi.obl(FileTransferFuncsConv.obs)
63   FillLists                                          isrt.obl(ISRTScriptDialogs.obs)
64   FindFile                                           isrt.obl(Files.obs)
65   FormatMessage                                      isrt.obl(Misc.obs)
66   GDI32.CreateRectRgn                                Setup.obs
67   GDI32.GetDeviceCaps                                Setup.obs
68   GeneratedMSIScript                                 iswi.obl(FileTransferFuncsConv.obs)
69   GeneratingMSIScript                                iswi.obl(FileTransferFuncsConv.obs)
70   GetBasicMSI                                        isrt.obl(SysVars.obs)
71   GetBillboard                                       isrt.obl(SysVars.obs)
72   GetCompItemList                                    iswi.obl(CompHelperFuncs.obs)
73   GetComponentsFeatures                              iswi.obl(CompHelperFuncs.obs)
74   GetCurrentDialogName                               isrt.obl(Dialogs.obs)
75   GetCurrentDir                                      isrt.obl(Files.obs)
76   GetCurrentUserName                                 Setup.obs
77   GetDialogTitle                                     isrt.obl(Dialogs.obs)
78   GetDir                                             isrt.obl(Str.obs)
79   GetDisk                                            isrt.obl(Str.obs)
80   GetDiskSpace                                       isrt.obl(GSI.obs)
81   GetDiskSpaceEx                                     isrt.obl(GSI.obs)
82   GetEnabledIServices                                isrt.obl(SysVars.obs)
83   GetEnvVar                                          isrt.obl(GSI.obs)
84   GetExtents                                         isrt.obl(GSI.obs)
85   GetFolderApplications                              isrt.obl(SysVars.obs)
86   GetFolderApplications64                            isrt.obl(SysVars.obs)
87   GetFolderDotNet10                                  isrt.obl(SysVars.obs)
88   GetFolderDotNet11                                  isrt.obl(SysVars.obs)
89   GetFolderDotNet20                                  isrt.obl(SysVars.obs)
90   GetISRes                                           isrt.obl(SysVars.obs)
91   GetInstallScriptMSIEEUI                            isrt.obl(SysVars.obs)
92   GetKeyPathWinCurrVerAuto                           isrt.obl(SysVars.obs)
93   GetMSIFeatureName                                  iswi.obl(CompHelperFuncs.obs)
94   GetMaintenance                                     iswi.obl(ISWiInit.obs)
95   GetMsiFeaturePath                                  iswi.obl(CompHelperFuncs.obs)
96   GetMsiNameFromAliasTable                           iswi.obl(CompHelperFuncs.obs)
97   GetOpenFileMode                                    isrt.obl(Files.obs)
98   GetPackageLocation                                 isrt.obl(SysVars.obs)
99   GetPlatformList                                    iswi.obl(CompHelperFuncs.obs)
100  GetProductGUID                                     iswi.obl(ISWiInit.obs)
101  GetProfString                                      isrt.obl(Profile.obs)
102  GetReinstallMode                                   isrt.obl(SysVars.obs)
103  GetRemoveAllMode                                   isrt.obl(SysVars.obs)
104  GetRemoveOnly                                      isrt.obl(SysVars.obs)
105  GetSelectedTreeComponent                           isrt.obl(CmptView.obs)
106  GetStandardSelectedLanguage                        isrt.obl(SysVars.obs)
107  GetSuiteHosted                                     isrt.obl(SysVars.obs)
108  GetSupportDir                                      isrt.obl(SysVars.obs)
109  GetSystemInfo                                      isrt.obl(GSI.obs)
110  GetTempFolder                                      isrt.obl(SysVars.obs)
111  GetUserSelectableAuto                              isrt.obl(SysVars.obs)
112  GetValidDrivesList                                 isrt.obl(GSI.obs)
113  GetWinDir                                          isrt.obl(SysVars.obs)
114  GetWinSysDir                                       isrt.obl(SysVars.obs)
115  GetWindowHandle                                    iswi.obl(MiscConv.obs)
116  HIWORD                                             isrt.obl(Misc.obs)
117  ISDeterminePlatform                                isrt.obl(OsInfo.obs)
118  ISMIF32.InstallStatusMIF                           isrt.obl(MIF.obs)
119  ISRT.ComponentViewSetInfoEx                        isrt.obl(Dialogs.obs)
120  ISRT.EnableHourGlass                               isrt.obl(Enable.obs)
121  ISRT.GetCPUType                                    isrt.obl(GSI.obs)
122  ISRT.GetFontSub                                    isrt.obl(Dialogs.obs)
123  ISRT.GetHandle                                     Setup.obs
124  ISRT.GetPorts                                      isrt.obl(GSI.obs)
125  ISRT.IsEmpty                                       Setup.obs
126  ISRT.IsNTAdmin                                     isrt.obl(Is.obs)
127  ISRT.IsObject                                      Setup.obs
128  ISRT.IsPowerUser                                   isrt.obl(Is.obs)
129  ISRT.LangLoadString                                isrt.obl(SDINT.obs)
130  ISRT.MessageBeepP                                  Setup.obs
131  ISRT.PathCompactPathPixel                          isrt.obl(CustomDialog.obs)
132  ISRT.PathGetDir                                    isrt.obl(Str.obs)
133  ISRT.PathGetDrive                                  isrt.obl(Str.obs)
134  ISRT.PathGetFile                                   isrt.obl(Files.obs)
135  ISRT.PathGetFileExt                                isrt.obl(Str.obs)
136  ISRT.PathGetFileName                               isrt.obl(Str.obs)
137  ISRT.PathGetPath                                   isrt.obl(Str.obs)
138  ISRT.PathIsValidSyntax                             isrt.obl(Is.obs)
139  ISRT.VerGetFileVersion                             Setup.obs
140  ISRT._BrowseForFolder                              isrt.obl(ISRTScriptDialogsPriv.obs)
141  ISRT._CloseFile                                    isrt.obl(Files.obs)
142  ISRT._CmdGetHwndDlg                                isrt.obl(CustomDialog.obs)
143  ISRT._ComponentCompareSizeRequired                 iswi.obl(FeatureConv.obs)
144  ISRT._ComponentFilterLanguage                      iswi.obl(FeatureConv.obs)
145  ISRT._ComponentFilterOS                            iswi.obl(FeatureConv.obs)
146  ISRT._ComponentGetTotalCost                        iswi.obl(FeatureConv.obs)
147  ISRT._ComponentGetTotalCostEx                      Setup.obs
148  ISRT._ComponentSaveTarget                          iswi.obl(FeatureConv.obs)
149  ISRT._CreateDir                                    isrt.obl(Files.obs)
150  ISRT._CtrlGetNotificationCode                      isrt.obl(CustomDialog.obs)
151  ISRT._CtrlGetParentWindowHelper                    iswi.obl(MiscConv.obs)
152  ISRT._CtrlGetSubCommand                            isrt.obl(CustomDialog.obs)
153  ISRT._CtrlSetHtmlContent                           isrt.obl(CustomDialog.obs)
154  ISRT._DefineDialog                                 isrt.obl(CustomDialog.obs)
155  ISRT._DialogSetFont                                isrt.obl(Dialogs.obs)
156  ISRT._DisableStatus                                isrt.obl(Enable.obs)
157  ISRT._DoSprintf                                    iswi.obl(HelperFuncs.obs)
158  ISRT._EnableDialogCache                            isrt.obl(Enable.obs)
159  ISRT._EnablePrevDialog                             Setup.obs
160  ISRT._EnableSkins                                  isrt.obl(Enable.obs)
161  ISRT._EnableStatus                                 isrt.obl(Enable.obs)
162  ISRT._EnableWow64FsRedirection                     isrt.obl(Enable.obs)
163  ISRT._EndDialog                                    isrt.obl(CustomDialog.obs)
164  ISRT._ExistsDir                                    isrt.obl(Files.obs)
165  ISRT._ExistsFile                                   isrt.obl(Files.obs)
166  ISRT._FloatingPointOperation                       Setup.obs
167  ISRT._GetCurrentDialogName                         isrt.obl(Dialogs.obs)
168  ISRT._GetDiskSpaceEx                               isrt.obl(GSI.obs)
169  ISRT._GetDiskSpaceExEx                             Setup.obs
170  ISRT._GetGlobalMemorySize                          isrt.obl(GSI.obs)
171  ISRT._GetProcessorInfo                             isrt.obl(OsInfo.obs)
172  ISRT._GetSelectedTreeComponent                     isrt.obl(CmptView.obs)
173  ISRT._GetStandardLangId                            isrt.obl(Misc.obs)
174  ISRT._GetSupportDir                                isrt.obl(SysVars.obs)
175  ISRT._GetSystemDpi                                 isrt.obl(GSI.obs)
176  ISRT._GetVirtualMachineType                        isrt.obl(GSI.obs)
177  ISRT._IsFontTypefaceNameAvailable                  isrt.obl(Is.obs)
178  ISRT._IsInAdminGroup                               isrt.obl(Is.obs)
179  ISRT._IsLangSupported                              isrt.obl(Is.obs)
180  ISRT._IsSkinLoaded                                 isrt.obl(Is.obs)
181  ISRT._IsVirtualMachine                             isrt.obl(OsInfo.obs)
182  ISRT._IsWindowsME                                  isrt.obl(GSI.obs)
183  ISRT._IsWow64                                      isrt.obl(OsInfo.obs)
184  ISRT._ListAddItem                                  isrt.obl(scrlist.obs)
185  ISRT._ListAddString                                isrt.obl(scrlist.obs)
186  ISRT._ListCount                                    isrt.obl(scrlist.obs)
187  ISRT._ListCreate                                   isrt.obl(scrlist.obs)
188  ISRT._ListCurrentString                            isrt.obl(scrlist.obs)
189  ISRT._ListDeleteItem                               isrt.obl(scrlist.obs)
190  ISRT._ListDeleteString                             isrt.obl(scrlist.obs)
191  ISRT._ListDestroy                                  isrt.obl(scrlist.obs)
192  ISRT._ListFindItem                                 isrt.obl(scrlist.obs)
193  ISRT._ListFindString                               isrt.obl(scrlist.obs)
194  ISRT._ListGetFirstItem                             isrt.obl(scrlist.obs)
195  ISRT._ListGetFirstString                           isrt.obl(scrlist.obs)
196  ISRT._ListGetNextItem                              isrt.obl(scrlist.obs)
197  ISRT._ListGetNextString                            isrt.obl(scrlist.obs)
198  ISRT._ListGetType                                  isrt.obl(scrlist.obs)
199  ISRT._ListSetIndex                                 isrt.obl(scrlist.obs)
200  ISRT._MediaGetFilteringInfo                        iswi.obl(FeatureConv.obs)
201  ISRT._MediaGetInfo                                 iswi.obl(FeatureConv.obs)
202  ISRT._OpenFile                                     isrt.obl(Files.obs)
203  ISRT._Preprogram                                   Setup.obs
204  ISRT._RegCreateKey                                 isrt.obl(Registry.obs)
205  ISRT._RegDeleteKey                                 isrt.obl(Registry.obs)
206  ISRT._RegDeleteValue                               isrt.obl(Registry.obs)
207  ISRT._RegEnableTextSubs                            isrt.obl(Enable.obs)
208  ISRT._RegExistsKey                                 isrt.obl(Registry.obs)
209  ISRT._RegGetOptions                                isrt.obl(SysVars.obs)
210  ISRT._RegIsRemoteRegConnected                      isrt.obl(Is.obs)
211  ISRT._RegQueryKeyBinaryValue                       isrt.obl(Registry.obs)
212  ISRT._RegQueryKeyValue                             isrt.obl(Registry.obs)
213  ISRT._RegSetOptions                                isrt.obl(SysVars.obs)
214  ISRT._ReleaseDialog                                isrt.obl(CustomDialog.obs)
215  ISRT._SdShowMsg                                    isrt.obl(ISRTScriptDialogsPriv.obs)
216  ISRT._SetAltMainImage                              isrt.obl(Dialogs.obs)
217  ISRT._SetDisplayEffect                             isrt.obl(ui.obs)
218  ISRT._SetSilentSdShowMsg                           isrt.obl(Enable.obs)
219  ISRT._SetTitle                                     isrt.obl(ui.obs)
220  ISRT._SetupTraceWrite                              isrt.obl(Misc.obs)
221  ISRT._TreeViewCreate                               isrt.obl(CmptView.obs)
222  ISRT._WaitOnDialog                                 isrt.obl(CustomDialog.obs)
223  ISRT._WriteLine                                    isrt.obl(Files.obs)
224  ISRT.__CreateObjectContext                         isrt.obl(ISRTInit.obs)
225  ISRT.__GetCmdLineOptions                           isrt.obl(ISRTInit.obs)
226  ISRT.__GetContextGUID                              isrt.obl(ISRTInit.obs)
227  ISRT.__GetEnabledIServices                         isrt.obl(SysVars.obs)
228  ISRT.__GetFileRegistrar                            isrt.obl(ISRTInit.obs)
229  ISRT.__GetISMSIStringTableObj                      iswi.obl(ISWiInit.obs)
230  ISRT.__GetInfo                                     isrt.obl(ISRTInit.obs)
231  ISRT.__GetInstallGuid                              isrt.obl(SysVars.obs)
232  ISRT.__GetLogDB                                    isrt.obl(ISRTInit.obs)
233  ISRT.__GetMainWindow                               Setup.obs
234  ISRT.__GetMaintOption                              isrt.obl(SysVars.obs)
235  ISRT.__GetMaintenanceMode                          isrt.obl(SysVars.obs)
236  ISRT.__GetObjects                                  isrt.obl(ISRTInit.obs)
237  ISRT.__GetProductGuid                              isrt.obl(SysVars.obs)
238  ISRT.__GetProgress                                 Setup.obs
239  ISRT.__GetReboot                                   isrt.obl(ISRTInit.obs)
240  ISRT.__GetReinstallMode                            isrt.obl(SysVars.obs)
241  ISRT.__GetRemoveAllMode                            isrt.obl(SysVars.obs)
242  ISRT.__GetTextSub                                  isrt.obl(ISRTInit.obs)
243  ISRT.__GetUpdateMode                               isrt.obl(SysVars.obs)
244  ISRT.__PutEnabledIServices                         isrt.obl(Enable.obs)
245  ISRT.__ReleaseObjectContext                        isrt.obl(ISRTInit.obs)
246  ISRT.__RestoreMainLog                              isrt.obl(ISRTInit.obs)
247  ISRT.__RestoreMainLogEx                            isrt.obl(ISRTInit.obs)
248  ISRT.__SetComponentLog                             isrt.obl(ISRTInit.obs)
249  ISRT.__SetUpdateMode                               isrt.obl(SysVars.obs)
250  ISRTHandleScriptException                          isrt.obl(Misc.obs)
251  ISRTPreprogram                                     isrt.obl(Driver.obs)
252  ISWIOnAppSearch                                    iswi.obl(DriverConv.obs)
253  ISWIOnCCPSearch                                    iswi.obl(DriverConv.obs)
254  ISWIOnExitInstall                                  iswi.obl(DriverConv.obs)
255  ISWIOnFirstUIAfter                                 iswi.obl(DriverConv.obs)
256  ISWIOnFirstUIBefore                                iswi.obl(DriverConv.obs)
257  ISWIOnInitInstall                                  iswi.obl(DriverConv.obs)
258  ISWIOnMaintUIAfter                                 iswi.obl(DriverConv.obs)
259  ISWIOnMaintUIBefore                                iswi.obl(DriverConv.obs)
260  ISWIOnMoveData                                     iswi.obl(DriverConv.obs)
261  ISWIOnMoveDataPostInstall                          iswi.obl(DriverConv.obs)
262  ISWIOnMoveDataPreInstall                           iswi.obl(DriverConv.obs)
263  ISWIOnResumeUIAfter                                iswi.obl(DriverConv.obs)
264  ISWIOnResumeUIBefore                               iswi.obl(DriverConv.obs)
265  ISWIPostprogram                                    iswi.obl(DriverConv.obs)
266  ISWIPreprogram                                     iswi.obl(DriverConv.obs)
267  InstallFilesActionAfter                            iswi.obl(FileTransferFuncsConv.obs)
268  InstallFilesActionBefore                           iswi.obl(FileTransferFuncsConv.obs)
269  Is                                                 isrt.obl(Is.obs)
270  IsComponentFiltered                                iswi.obl(CompHelperFuncs.obs)
271  IsTestSetup                                        iswi.obl(HelperFuncs.obs)
272  KERNEL.GetModuleHandle                             Setup.obs
273  KERNEL32.CloseHandle                               Setup.obs
274  KERNEL32.CreateFileW                               Setup.obs
275  KERNEL32.DeleteFileW                               Setup.obs
276  KERNEL32.FindClose                                 Setup.obs
277  KERNEL32.FindFirstFileW                            Setup.obs
278  KERNEL32.FindNextFileW                             Setup.obs
279  KERNEL32.FormatMessageW                            Setup.obs
280  KERNEL32.FreeLibrary                               Setup.obs
281  KERNEL32.GetCurrentDirectoryW                      Setup.obs
282  KERNEL32.GetDriveType                              Setup.obs
283  KERNEL32.GetEnvironmentVariable                    Setup.obs
284  KERNEL32.GetFileAttributesW                        Setup.obs
285  KERNEL32.GetLocalTime                              Setup.obs
286  KERNEL32.GetLocaleInfo                             Setup.obs
287  KERNEL32.GetPrivateProfileString                   Setup.obs
288  KERNEL32.GetPrivateProfileStringW                  Setup.obs
289  KERNEL32.GetProcAddress                            Setup.obs
290  KERNEL32.GetProfileStringW                         Setup.obs
291  KERNEL32.GetSystemDefaultLCID                      Setup.obs
292  KERNEL32.GetSystemDefaultLangID                    Setup.obs
293  KERNEL32.GetSystemDefaultUILanguage                Setup.obs
294  KERNEL32.GetUserDefaultLangID                      Setup.obs
295  KERNEL32.GetVersion                                Setup.obs
296  KERNEL32.GetVersionEx                              Setup.obs
297  KERNEL32.GetVolumeInformation                      Setup.obs
298  KERNEL32.GetWindowsDirectory                       Setup.obs
299  KERNEL32.GetWindowsDirectoryW                      Setup.obs
300  KERNEL32.LoadLibraryW                              Setup.obs
301  KERNEL32.SetCurrentDirectoryW                      Setup.obs
302  KERNEL32.SetFileAttributesW                        Setup.obs
303  KERNEL32.WritePrivateProfileString                 Setup.obs
304  KERNEL32.lstrlenW                                  Setup.obs
305  Kernel32.GetModuleHandleW                          iswi.obl(ComponentConv.obs)
306  LOWORD                                             isrt.obl(Misc.obs)
307  LaunchAppAndWaitInitStartupInfo                    isrt.obl(Extend.obs)
308  LaunchApplicationInit                              isrt.obl(Extend.obs)
309  ListAddItem                                        isrt.obl(scrlist.obs)
310  ListAddString                                      isrt.obl(scrlist.obs)
311  ListConvertStrToNum                                isrt.obl(scrlist.obs)
312  ListCount                                          isrt.obl(scrlist.obs)
313  ListCreate                                         isrt.obl(scrlist.obs)
314  ListCurrentString                                  isrt.obl(scrlist.obs)
315  ListDeleteItem                                     isrt.obl(scrlist.obs)
316  ListDeleteString                                   isrt.obl(scrlist.obs)
317  ListDestroy                                        isrt.obl(scrlist.obs)
318  ListFindItem                                       isrt.obl(scrlist.obs)
319  ListFindString                                     isrt.obl(scrlist.obs)
320  ListGetFirstItem                                   isrt.obl(scrlist.obs)
321  ListGetFirstString                                 isrt.obl(scrlist.obs)
322  ListGetLastString                                  iswi.obl(CompHelperFuncs.obs)
323  ListGetNextItem                                    isrt.obl(scrlist.obs)
324  ListGetNextString                                  isrt.obl(scrlist.obs)
325  ListGetType                                        isrt.obl(scrlist.obs)
326  ListSetIndex                                       isrt.obl(scrlist.obs)
327  ListValid                                          isrt.obl(scrlist.obs)
328  ListValidType                                      isrt.obl(scrlist.obs)
329  LoadStringFromStringTable                          iswi.obl(ISWiInit.obs)
330  LongPathToQuote                                    isrt.obl(Str.obs)
331  MAKELONG                                           isrt.obl(Misc.obs)
332  MIFCreateMIFFile                                   isrt.obl(MIF.obs)
333  MIFDeleteMIFFile                                   isrt.obl(MIF.obs)
334  MIFInitialize                                      isrt.obl(MIF.obs)
335  MIFSetInformation                                  isrt.obl(MIF.obs)
336  MIFUnInitialize                                    isrt.obl(MIF.obs)
337  MIFWasSetInformationCalled                         isrt.obl(MIF.obs)
338  MediaGetDataEx                                     iswi.obl(FeatureConv.obs)
339  MessageBeep                                        isrt.obl(Misc.obs)
340  MessageBox                                         isrt.obl(ISRTScriptDialogsPriv.obs)
341  MessageBoxEx                                       isrt.obl(ISRTScriptDialogsPriv.obs)
342  Moved                                              iswi.obl(FileTransferFuncsConv.obs)
343  Moving                                             iswi.obl(FileTransferFuncsConv.obs)
344  MsiCloseHandle                                     iswi.obl(MsiFuncsConv.obs)
345  MsiCreateRecord                                    iswi.obl(MsiFuncsConv.obs)
346  MsiDatabaseOpenView                                iswi.obl(MsiFuncsConv.obs)
347  MsiDoAction                                        iswi.obl(MsiFuncsConv.obs)
348  MsiGetActiveDatabase                               iswi.obl(MsiFuncsConv.obs)
349  MsiGetMode                                         iswi.obl(MsiFuncsConv.obs)
350  MsiGetProperty                                     iswi.obl(MsiFuncsConv.obs)
351  MsiGetPropertyIS                                   iswi.obl(MsiFuncsConv.obs)
352  MsiGetSourcePath                                   iswi.obl(MsiFuncsConv.obs)
353  MsiGetTargetPath                                   iswi.obl(MsiFuncsConv.obs)
354  MsiInstallProduct                                  iswi.obl(MsiFuncsConv.obs)
355  MsiProcessMessage                                  iswi.obl(MsiFuncsConv.obs)
356  MsiQueryFeatureState                               iswi.obl(MsiFuncsConv.obs)
357  MsiRecordGetInteger                                iswi.obl(MsiFuncsConv.obs)
358  MsiRecordGetString                                 iswi.obl(MsiFuncsConv.obs)
359  MsiRecordSetString                                 iswi.obl(MsiFuncsConv.obs)
360  MsiSetProperty                                     iswi.obl(MsiFuncsConv.obs)
361  MsiSetTargetPath                                   iswi.obl(MsiFuncsConv.obs)
362  MsiViewExecute                                     iswi.obl(MsiFuncsConv.obs)
363  MsiViewFetch                                       iswi.obl(MsiFuncsConv.obs)
364  OnAbort                                            iswi.obl(DriverConv.obs)
365  OnAction                                           iswi.obl(ISWiInit.obs)
366  OnAdminInstallUIAfter                              iswi.obl(DriverConv.obs)
367  OnAdminInstallUIBefore                             iswi.obl(DriverConv.obs)
368  OnAdminPatchUIAfter                                iswi.obl(DriverConv.obs)
369  OnAdminPatchUIBefore                               iswi.obl(DriverConv.obs)
370  OnAdvertisementAfter                               iswi.obl(DriverConv.obs)
371  OnAdvertisementBefore                              iswi.obl(DriverConv.obs)
372  OnAppSearch                                        iswi.obl(DriverConv.obs)
373  OnBegin                                            iswi.obl(DriverConv.obs)
374  OnCCPSearch                                        iswi.obl(DriverConv.obs)
375  OnCanceling                                        iswi.obl(DriverConv.obs)
376  OnComponentError                                   iswi.obl(DriverConv.obs)
377  OnDIFxLogCallback                                  isrt.obl(ISDIFx.obs)
378  OnDIFxLogCallbackImpl                              isrt.obl(ISDIFx.obs)
379  OnEnd                                              iswi.obl(DriverConv.obs)
380  OnError                                            iswi.obl(DriverConv.obs)
381  OnException                                        iswi.obl(DriverConv.obs)
382  OnFeaturesInstalled                                iswi.obl(FileTransferFuncsConv.obs)
383  OnFeaturesInstalling                               iswi.obl(FileTransferFuncsConv.obs)
384  OnFileError                                        iswi.obl(Exceptions.obs)
385  OnFileLocked                                       iswi.obl(Exceptions.obs)
386  OnFileReadOnly                                     iswi.obl(Exceptions.obs)
387  OnFilesInUse                                       iswi.obl(DriverConv.obs)
388  OnFilterComponents                                 iswi.obl(DriverConv.obs)
389  OnFirstUIAfter                                     iswi.obl(DriverConv.obs)
390  OnFirstUIBefore                                    iswi.obl(DriverConv.obs)
391  OnGeneratedMSIScript                               iswi.obl(DriverConv.obs)
392  OnGeneratingMSIScript                              iswi.obl(DriverConv.obs)
393  OnHelp                                             iswi.obl(DriverConv.obs)
394  OnInstallFilesActionAfter                          iswi.obl(DriverConv.obs)
395  OnInstallFilesActionBefore                         iswi.obl(DriverConv.obs)
396  OnInternetError                                    iswi.obl(Exceptions.obs)
397  OnLaunchAppAndWaitCallback                         iswi.obl(DriverConv.obs)
398  OnLogonUserSetMsiProperties                        iswi.obl(DriverConv.obs)
399  OnMD5Error                                         iswi.obl(Exceptions.obs)
400  OnMaintUIAfter                                     iswi.obl(DriverConv.obs)
401  OnMaintUIBefore                                    iswi.obl(DriverConv.obs)
402  OnMaintenance                                      iswi.obl(DriverConv.obs)
403  OnMoved                                            iswi.obl(DriverConv.obs)
404  OnMoving                                           iswi.obl(DriverConv.obs)
405  OnMsiSilentInstall                                 iswi.obl(DriverConv.obs)
406  OnNetApiCreateUserAccountInternal                  isrt.obl(NetApiRT.obs)
407  OnNextDisk                                         iswi.obl(Exceptions.obs)
408  OnOutOfDiskSpace                                   iswi.obl(DriverConv.obs)
409  OnPatchUIAfter                                     iswi.obl(DriverConv.obs)
410  OnPatchUIBefore                                    iswi.obl(DriverConv.obs)
411  OnRMFilesInUse                                     iswi.obl(DriverConv.obs)
412  OnRebooted                                         iswi.obl(DriverConv.obs)
413  OnRemovingSharedFile                               iswi.obl(Exceptions.obs)
414  OnResume                                           iswi.obl(DriverConv.obs)
415  OnResumeUIAfter                                    iswi.obl(DriverConv.obs)
416  OnResumeUIBefore                                   iswi.obl(DriverConv.obs)
417  OnSQLLogin                                         iswi.obl(DriverConv.obs)
418  OnSelfRegistrationError                            iswi.obl(Exceptions.obs)
419  OnUnhandledException                               iswi.obl(DriverConv.obs)
420  OnUninstall                                        iswi.obl(DriverConv.obs)
421  OnUpdateService                                    iswi.obl(DriverConv.obs)
422  OnWarning                                          iswi.obl(DriverConv.obs)
423  OpenFile                                           isrt.obl(Files.obs)
424  OpenFileMode                                       isrt.obl(Files.obs)
425  ParsePath                                          isrt.obl(Str.obs)
426  PopulateColumnHeaders                              isrt.obl(ISRTScriptDialogs.obs)
427  PopulateListView                                   isrt.obl(ISRTScriptDialogs.obs)
428  PostShowComponentDlg                               iswi.obl(ISWiInit.obs)
429  Postprogram                                        iswi.obl(DriverConv.obs)
430  PreShowComponentDlg                                iswi.obl(ISWiInit.obs)
431  Preprogram                                         iswi.obl(DriverConv.obs)
432  ProgramEeuiPostInstall                             iswi.obl(DriverConv.obs)
433  ProgramEeuiPreInstall                              iswi.obl(DriverConv.obs)
434  PthFixPath                                         isrt.obl(Pth.obs)
435  PthIsAbsPath                                       isrt.obl(Pth.obs)
436  RebootNeeded                                       iswi.obl(FileTransferFuncsConv.obs)
437  RedirectMsiCloseHandle                             iswi.obl(RedirectedMsiFuncsConv.obs)
438  RedirectMsiCreateRecord                            iswi.obl(RedirectedMsiFuncsConv.obs)
439  RedirectMsiGetActiveDatabase                       iswi.obl(RedirectedMsiFuncsConv.obs)
440  RedirectMsiGetMode                                 iswi.obl(RedirectedMsiFuncsConv.obs)
441  RedirectMsiProcessMessage                          iswi.obl(RedirectedMsiFuncsConv.obs)
442  RedirectMsiRecordGetInteger                        iswi.obl(RedirectedMsiFuncsConv.obs)
443  RedirectMsiViewExecute                             iswi.obl(RedirectedMsiFuncsConv.obs)
444  RedirectMsiViewFetch                               iswi.obl(RedirectedMsiFuncsConv.obs)
445  RegDBDeleteKey                                     isrt.obl(Registry.obs)
446  RegDBDeleteValue                                   isrt.obl(Registry.obs)
447  RegDBGetItem                                       isrt.obl(Registry.obs)
448  RegDBGetKeyValueEx                                 isrt.obl(Registry.obs)
449  RegDBKeyExist                                      isrt.obl(Registry.obs)
450  RegDBQueryValue                                    isrt.obl(Registry.obs)
451  RegDBQueryValue32                                  isrt.obl(Registry.obs)
452  RegDBSetDefaultRoot                                isrt.obl(SysVars.obs)
453  ReleaseDialog                                      isrt.obl(CustomDialog.obs)
454  RemoveSpaces                                       iswi.obl(HelperFuncs.obs)
455  ResolveShellObjectsFolder                          iswi.obl(CompHelperFuncs.obs)
456  SdAskDestPath                                      isrt.obl(ISRTScriptDialogs.obs)
457  SdCloseDlg                                         isrt.obl(SDINT.obs)
458  SdComponentDlgCheckSpace                           isrt.obl(SDINT.obs)
459  SdDiskSpace2                                       isrt.obl(ISRTScriptDialogs.obs)
460  SdDlgToTop                                         isrt.obl(SDINT.obs)
461  SdDoStdButton                                      isrt.obl(SDINT.obs)
462  SdEnablement                                       isrt.obl(SDINT.obs)
463  SdError                                            isrt.obl(SDINT.obs)
464  SdFeatureTree                                      isrt.obl(ISRTScriptDialogs.obs)
465  SdFilesInUse                                       isrt.obl(ISRTScriptDialogs.obs)
466  SdFinish                                           isrt.obl(ISRTScriptDialogs.obs)
467  SdFinishReboot                                     isrt.obl(ISRTScriptDialogs.obs)
468  SdGeneralInit                                      isrt.obl(SDINT.obs)
469  SdInit                                             isrt.obl(SDINT.obs)
470  SdIsStdButton                                      isrt.obl(SDINT.obs)
471  SdLoadString                                       isrt.obl(SDINT.obs)
472  SdMakeName                                         isrt.obl(SDINT.obs)
473  SdPatchWelcome                                     isrt.obl(ISRTScriptDialogs.obs)
474  SdPlugInProductName                                isrt.obl(SDINT.obs)
475  SdRMFilesInUse                                     isrt.obl(ISRTScriptDialogs.obs)
476  SdRegisterUser                                     isrt.obl(ISRTScriptDialogs.obs)
477  SdSetDlgTitle                                      isrt.obl(SDINT.obs)
478  SdSetStatic                                        isrt.obl(SDINT.obs)
479  SdSetupCompleteError                               isrt.obl(ISRTScriptDialogs.obs)
480  SdShowMsg                                          isrt.obl(ISRTScriptDialogsPriv.obs)
481  SdStartCopy2                                       isrt.obl(ISRTScriptDialogs.obs)
482  SdSubstituteProductInfo                            isrt.obl(SDINT.obs)
483  SdUnInit                                           isrt.obl(SDINT.obs)
484  SdWelcome                                          isrt.obl(ISRTScriptDialogs.obs)
485  SdWelcomeMaint                                     isrt.obl(ISRTScriptDialogs.obs)
486  SelectDir                                          isrt.obl(ISRTScriptDialogsPriv.obs)
487  SelectDirNoLog                                     isrt.obl(ISRTScriptDialogsPriv.obs)
488  SendMessage                                        isrt.obl(Misc.obs)
489  ServiceInitParams                                  isrt.obl(Service.obs)
490  SetCmdLine                                         isrt.obl(SysVars.obs)
491  SetDisplayEffect                                   isrt.obl(ui.obs)
492  SetExtendedErrInfo                                 isrt.obl(IsUtil.obs)
493  SetGlobalVars                                      iswi.obl(ISWiInit.obs)
494  SetInstallationInfo                                isrt.obl(Registry.obs)
495  SetMifInformationOnly                              isrt.obl(Registry.obs)
496  SetStatusExStaticText                              isrt.obl(ui.obs)
497  SetStatusWindow                                    isrt.obl(ui.obs)
498  SetTitle                                           isrt.obl(ui.obs)
499  SetupTraceWrite                                    isrt.obl(Misc.obs)
500  SetupType2                                         isrt.obl(ISRTScriptDialogs.obs)
501  SilentDoGeneralInfo                                isrt.obl(Silent.obs)
502  SilentFailed                                       isrt.obl(Silent.obs)
503  SilentFinish                                       isrt.obl(Silent.obs)
504  SilentInit                                         isrt.obl(Silent.obs)
505  SilentReadData                                     isrt.obl(Silent.obs)
506  SilentSetInfo                                      isrt.obl(Silent.obs)
507  SilentSetMode                                      isrt.obl(Silent.obs)
508  SilentWriteData                                    isrt.obl(Silent.obs)
509  Sprintf                                            isrt.obl(Str.obs)
510  SprintfBox                                         isrt.obl(ISRTScriptDialogsPriv.obs)
511  SprintfMsiLog                                      iswi.obl(HelperFuncs.obs)
512  StrAddLastSlash                                    isrt.obl(Str.obs)
513  StrConvertSizeUnit                                 isrt.obl(Str.obs)
514  StrDelete                                          iswi.obl(HelperFuncs.obs)
515  StrFindEx                                          isrt.obl(Str.obs)
516  StrGetTokens                                       isrt.obl(Str.obs)
517  StrLength                                          isrt.obl(Str.obs)
518  StrParseMSIMessage                                 isrt.obl(Str.obs)
519  StrRemoveLastSlash                                 isrt.obl(Str.obs)
520  StrReplace                                         isrt.obl(Str.obs)
521  StrToNumHex                                        isrt.obl(Str.obs)
522  StrToUpper                                         isrt.obl(Str.obs)
523  StrTrim                                            isrt.obl(Str.obs)
524  SuiteLogInfo                                       isrt.obl(SuiteWrappers.obs)
525  SuiteReportError                                   isrt.obl(SuiteWrappers.obs)
526  SysVarsInit                                        isrt.obl(SysVars.obs)
527  SysVarsInitConv                                    iswi.obl(SysVarsConv.obs)
528  SysVarsTrace                                       isrt.obl(SysVars.obs)
529  SysVarsUnInit                                      iswi.obl(SysVarsConv.obs)
530  System                                             isrt.obl(Misc.obs)
531  SystemRestoreCancelRestorePointIS                  isrt.obl(PCRestore.obs)
532  SystemRestoreCloseRestorePointIS                   isrt.obl(PCRestore.obs)
533  SystemRestoreDisableIS                             isrt.obl(PCRestore.obs)
534  SystemRestoreIsEnabledIS                           isrt.obl(PCRestore.obs)
535  SystemRestoreOpenRestorePointIS                    isrt.obl(PCRestore.obs)
536  TextSubGetValue                                    isrt.obl(TextSub.obs)
537  TextSubParseTextSub                                isrt.obl(TextSub.obs)
538  TextSubSetValue                                    isrt.obl(TextSub.obs)
539  TreeViewCreate                                     isrt.obl(CmptView.obs)
540  USER.EnableWindow                                  Setup.obs
541  USER.GetClassName                                  Setup.obs
542  USER.GetDC                                         Setup.obs
543  USER.GetDlgItem                                    Setup.obs
544  USER.GetFocus                                      Setup.obs
545  USER.GetWindowLong                                 Setup.obs
546  USER.GetWindowRect                                 Setup.obs
547  USER.IsIconic                                      Setup.obs
548  USER.IsWindow                                      Setup.obs
549  USER.ReleaseDC                                     Setup.obs
550  USER.SendMessageW                                  Setup.obs
551  USER.SetFocus                                      Setup.obs
552  USER.SetWindowPos                                  Setup.obs
553  USER.SetWindowText                                 Setup.obs
554  USER.ShowWindow                                    Setup.obs
555  USER32.CharUpperBuffW                              Setup.obs
556  USER32.DestroyWindow                               Setup.obs
557  USER32.GetDesktopWindow                            Setup.obs
558  USER32.GetSystemMetrics                            Setup.obs
559  USER32.GetWindowText                               Setup.obs
560  USER32.GetWindowTextLength                         Setup.obs
561  USER32.IsWindowVisible                             Setup.obs
562  USER32.MessageBoxW                                 Setup.obs
563  USER32.SendMessageW                                Setup.obs
564  USER32.SetForegroundWindow                         Setup.obs
565  USER32.SetWindowLong                               Setup.obs
566  USER32.SetWindowRgn                                Setup.obs
567  UnregisterKey                                      Setup.obs
568  UpdateDirectoryPathForIsMsiEeui                    iswi.obl(HelperFuncs.obs)
569  UpdateServiceEnableUpdateService                   isrt.obl(ISUpdateService.obs)
570  User32.LoadStringW                                 iswi.obl(ComponentConv.obs)
571  VarInit                                            isrt.obl(SysVars.obs)
572  VarRestore                                         iswi.obl(SysVarsConv.obs)
573  VarRestoreISRT                                     isrt.obl(SysVars.obs)
574  VarSave                                            iswi.obl(SysVarsConv.obs)
575  VarSaveISRT                                        isrt.obl(SysVars.obs)
576  VerCompare                                         isrt.obl(version.obs)
577  VerProductGetInstalledVersion                      isrt.obl(version.obs)
578  VerProductNumToStr                                 isrt.obl(version.obs)
579  VerProductVerPartsFromVer                          isrt.obl(version.obs)
580  WaitOnDialog                                       isrt.obl(CustomDialog.obs)
581  WriteLine                                          isrt.obl(Files.obs)
582  __AddStringToArray                                 iswi.obl(HelperFuncs.obs)
583  __Begin                                            iswi.obl(DriverConv.obs)
584  __ComponentListItemsEx                             iswi.obl(CompHelperFuncs.obs)
585  __ComponentListItemsExInstall                      iswi.obl(CompHelperFuncs.obs)
586  __ComponentListItemsExUnInstall                    iswi.obl(CompHelperFuncs.obs)
587  __ComponentMoveXferData                            iswi.obl(CompHelperFuncs.obs)
588  __End                                              iswi.obl(DriverConv.obs)
589  __GetFinishMode                                    iswi.obl(ISWiInit.obs)
590  __GetMsiHandle                                     iswi.obl(SysVarsConv.obs)
591  __GetSourceDir                                     iswi.obl(SysVarsConv.obs)
592  __HandleError                                      iswi.obl(ErrHandler.obs)
593  __ISRTDoExit                                       isrt.obl(Misc.obs)
594  __ISRTInit                                         isrt.obl(ISRTInit.obs)
595  __ISRTRestoreMainLog                               isrt.obl(ISRTInit.obs)
596  __ISRTRestoreMainLogEx                             isrt.obl(ISRTInit.obs)
597  __ISRTSetComponentLog                              isrt.obl(ISRTInit.obs)
598  __ISRTUnInit                                       isrt.obl(ISRTInit.obs)
599  __ISWIInit                                         iswi.obl(ISWiInit.obs)
600  __ISWIMsiHandle                                    iswi.obl(ISWiInit.obs)
601  __ISWIUnInit                                       iswi.obl(ISWiInit.obs)
602  __IsArrayEmpty                                     iswi.obl(HelperFuncs.obs)
603  __LoadIScriptString                                isrt.obl(LoadStr.obs)
604  __Moved                                            iswi.obl(FileTransferFuncsConv.obs)
605  __Moving                                           iswi.obl(FileTransferFuncsConv.obs)
606  __MsiOpenView                                      iswi.obl(CompHelperFuncs.obs)
607  __MsiQueryFeatureState                             iswi.obl(MsiWrappersConv.obs)
608  __MsiRecordGetString                               iswi.obl(MsiWrappersConv.obs)
609  __OnAbort                                          iswi.obl(DriverConv.obs)
610  __OnAdminPatch                                     iswi.obl(DriverConv.obs)
611  __OnAdministrativeInstall                          iswi.obl(DriverConv.obs)
612  __OnAdvertisement                                  iswi.obl(DriverConv.obs)
613  __OnBegin                                          iswi.obl(DriverConv.obs)
614  __OnCanceling                                      iswi.obl(DriverConv.obs)
615  __OnEnd                                            iswi.obl(DriverConv.obs)
616  __OnError                                          iswi.obl(DriverConv.obs)
617  __OnMsiMaintenance                                 iswi.obl(DriverConv.obs)
618  __OnMsiRebooted                                    iswi.obl(DriverConv.obs)
619  __OnMsiSilentInstall                               iswi.obl(DriverConv.obs)
620  __OnMsiUninstall                                   iswi.obl(DriverConv.obs)
621  __OnPatch                                          iswi.obl(DriverConv.obs)
622  __OnResume                                         iswi.obl(DriverConv.obs)
623  __OnWarning                                        iswi.obl(DriverConv.obs)
624  __ResetMsiObject                                   iswi.obl(ISWiInit.obs)
625  __SetMaintenance                                   iswi.obl(ISWiInit.obs)
626  __SetMsiHandle                                     iswi.obl(SysVarsConv.obs)
627  __SetMsiServer                                     iswi.obl(ISWiInit.obs)
628  __SetPatch                                         iswi.obl(SysVarsConv.obs)
629  __SetSourceDir                                     iswi.obl(SysVarsConv.obs)
630  isrt._ComponentGetData                             iswi.obl(ComponentConv.obs)
631  isrt._ComponentIsItemSelected                      iswi.obl(ComponentConv.obs)
632  isrt._ComponentListItems                           iswi.obl(ComponentConv.obs)
633  isrt._ComponentReinstall                           iswi.obl(ComponentConv.obs)
634  isrt._ComponentRemoveAll                           iswi.obl(ComponentConv.obs)
635  isrt._ComponentSelectItem                          iswi.obl(ComponentConv.obs)
636  isrt._ComponentSetupTypeSet                        iswi.obl(ComponentConv.obs)
637  isrt._EnableDialogCache                            iswi.obl(ISWiInit.obs)
638  msi.MsiCloseHandle                                 iswi.obl(RedirectedMsiFuncsConv.obs)
639  msi.MsiCreateRecord                                iswi.obl(RedirectedMsiFuncsConv.obs)
640  msi.MsiDatabaseOpenViewW                           Setup.obs
641  msi.MsiDoActionW                                   Setup.obs
642  msi.MsiGetActiveDatabase                           iswi.obl(RedirectedMsiFuncsConv.obs)
643  msi.MsiGetMode                                     iswi.obl(RedirectedMsiFuncsConv.obs)
644  msi.MsiGetProductInfoW                             Setup.obs
645  msi.MsiGetPropertyW                                Setup.obs
646  msi.MsiGetSourcePathW                              Setup.obs
647  msi.MsiGetTargetPathW                              Setup.obs
648  msi.MsiProcessMessage                              iswi.obl(RedirectedMsiFuncsConv.obs)
649  msi.MsiQueryFeatureStateW                          Setup.obs
650  msi.MsiRecordGetInteger                            iswi.obl(RedirectedMsiFuncsConv.obs)
651  msi.MsiRecordGetStringW                            Setup.obs
652  msi.MsiRecordSetStringW                            Setup.obs
653  msi.MsiSetPropertyW                                Setup.obs
654  msi.MsiSetTargetPathW                              Setup.obs
655  msi.MsiViewExecute                                 iswi.obl(RedirectedMsiFuncsConv.obs)
656  msi.MsiViewFetch                                   iswi.obl(RedirectedMsiFuncsConv.obs)
657  program                                            iswi.obl(DriverConv.obs)
658  sfc.SRSetRestorePointW                             Setup.obs


***** External Variables *****
1    ADDREMOVE                                          iswi.obl(SysVarsConv.obs)
2    ADDREMOVE_COMBINEDBUTTON                           Setup.obs
3    ADDREMOVE_HIDECHANGEOPTION                         Setup.obs
4    ADDREMOVE_HIDEREMOVEOPTION                         Setup.obs
5    ADDREMOVE_HIDEREPAIROPTION                         Setup.obs
6    ADDREMOVE_STRING_REMOVEONLY                        Setup.obs
7    ADDREMOVE_SYSTEMCOMPONENT                          Setup.obs
8    ADMINUSER                                          Setup.obs
9    ALLUSERS                                           Setup.obs
10   AdminToolsFolder                                   iswi.obl(DebugSymbolsConv.obs)
11   AppDataFolder                                      iswi.obl(DebugSymbolsConv.obs)
12   BASICMSI                                           iswi.obl(SysVarsConv.obs)
13   BATCH_INSTALL                                      Setup.obs
14   CMDLINE                                            iswi.obl(SysVarsConv.obs)
15   COMMONFILES                                        iswi.obl(SysVarsConv.obs)
16   COMMONFILES64                                      iswi.obl(SysVarsConv.obs)
17   CommonAppDataFolder                                iswi.obl(DebugSymbolsConv.obs)
18   CommonFiles64Folder                                iswi.obl(DebugSymbolsConv.obs)
19   CommonFilesFolder                                  iswi.obl(DebugSymbolsConv.obs)
20   DISABLE_ALLUSERBTN                                 Setup.obs
21   DISABLE_PERUSERBTN                                 Setup.obs
22   DISK1SETUPEXENAME                                  iswi.obl(SysVarsConv.obs)
23   DISK1TARGET                                        Setup.obs
24   DesktopFolder                                      iswi.obl(DebugSymbolsConv.obs)
25   ENABLED_ISERVICES                                  iswi.obl(SysVarsConv.obs)
26   ENGINECOMMONDIR                                    iswi.obl(SysVarsConv.obs)
27   ENGINEDIR                                          iswi.obl(SysVarsConv.obs)
28   ERRORFILENAME                                      Setup.obs
29   ERRORINFO                                          iswi.obl(ComponentConv.obs)
30   Err                                                Setup.obs
31   FEATURE                                            iswi.obl(ComponentConv.obs)
32   FILEERROR                                          iswi.obl(ComponentConv.obs)
33   FILETIME                                           Setup.obs
34   FIND_DATAW                                         Setup.obs
35   FOLDER_APPDATA                                     iswi.obl(SysVarsConv.obs)
36   FOLDER_COMMON_APPDATA                              iswi.obl(SysVarsConv.obs)
37   FOLDER_DESKTOP                                     iswi.obl(SysVarsConv.obs)
38   FOLDER_DOTNET_10                                   iswi.obl(SysVarsConv.obs)
39   FOLDER_DOTNET_11                                   iswi.obl(SysVarsConv.obs)
40   FOLDER_DOTNET_20                                   iswi.obl(SysVarsConv.obs)
41   FOLDER_DOTNET_30                                   iswi.obl(SysVarsConv.obs)
42   FOLDER_DOTNET_35                                   iswi.obl(SysVarsConv.obs)
43   FOLDER_DOTNET_40                                   iswi.obl(SysVarsConv.obs)
44   FOLDER_FONTS                                       iswi.obl(SysVarsConv.obs)
45   FOLDER_LOCAL_APPDATA                               iswi.obl(SysVarsConv.obs)
46   FOLDER_PERSONAL                                    iswi.obl(SysVarsConv.obs)
47   FOLDER_PROGRAMS                                    iswi.obl(SysVarsConv.obs)
48   FOLDER_STARTMENU                                   iswi.obl(SysVarsConv.obs)
49   FOLDER_STARTUP                                     iswi.obl(SysVarsConv.obs)
50   FOLDER_TEMP                                        iswi.obl(SysVarsConv.obs)
51   FavoritesFolder                                    iswi.obl(DebugSymbolsConv.obs)
52   FileRegistrar                                      Setup.obs
53   FontsFolder                                        iswi.obl(DebugSymbolsConv.obs)
54   HIDE_DISABLED_BTNS                                 Setup.obs
55   HKEYCURRENTROOTKEY                                 Setup.obs
56   IFX_COMPANY_NAME                                   Setup.obs
57   IFX_INSTALLED_DISPLAY_VERSION                      Setup.obs
58   IFX_INSTALLED_VERSION                              Setup.obs
59   IFX_KEYPATH_PRODUCT_INFO                           Setup.obs
60   IFX_MULTI_INSTANCE_SUFFIX                          Setup.obs
61   IFX_NETAPI_GROUP                                   Setup.obs
62   IFX_NETAPI_PASSWORD                                Setup.obs
63   IFX_NETAPI_USER_ACCOUNT                            Setup.obs
64   IFX_OPEN_RESTORE_POINT                             isrt.obl(PCRestore.obs)
65   IFX_PRODUCT_COMMENTS                               Setup.obs
66   IFX_PRODUCT_DISPLAY_NAME                           Setup.obs
67   IFX_PRODUCT_DISPLAY_VERSION                        Setup.obs
68   IFX_PRODUCT_ICON                                   Setup.obs
69   IFX_PRODUCT_KEY                                    Setup.obs
70   IFX_PRODUCT_NAME                                   Setup.obs
71   IFX_PRODUCT_README                                 Setup.obs
72   IFX_PRODUCT_REGISTEREDCOMPANY                      Setup.obs
73   IFX_PRODUCT_REGISTEREDOWNER                        Setup.obs
74   IFX_PRODUCT_REGISTEREDSERIALNUM                    Setup.obs
75   IFX_PRODUCT_SUPPORT_CONTACT                        Setup.obs
76   IFX_PRODUCT_SUPPORT_PHONE                          Setup.obs
77   IFX_PRODUCT_SUPPORT_URL                            Setup.obs
78   IFX_PRODUCT_UPDATE_URL                             Setup.obs
79   IFX_PRODUCT_URL                                    Setup.obs
80   IFX_PRODUCT_VERSION                                Setup.obs
81   IFX_RESTORE_DISABLED                               isrt.obl(PCRestore.obs)
82   IFX_SETUP_TITLE                                    Setup.obs
83   IFX_SUPPORTED_VERSIONS                             Setup.obs
84   IISROOTFOLDER                                      iswi.obl(SysVarsConv.obs)
85   INSTALLDIR                                         Setup.obs
86   INSTALLSCRIPTMSI                                   iswi.obl(SysVarsConv.obs)
87   INSTALLSCRIPTMSIEEUI                               iswi.obl(SysVarsConv.obs)
88   INSTANCE_GUID                                      iswi.obl(SysVarsConv.obs)
89   ISDIFXAPPID                                        Setup.obs
90   ISMSI_HANDLE                                       iswi.obl(DebugSymbolsConv.obs)
91   ISRES                                              iswi.obl(SysVarsConv.obs)
92   ISUSER                                             iswi.obl(SysVarsConv.obs)
93   ISUTIL_FUNCTION_ACTUAL_ERROR                       Setup.obs
94   ISUTIL_FUNCTION_ERROR                              iswi.obl(CompHelperFuncs.obs)
95   ISUTIL_LINE_NUMBER                                 Setup.obs
96   ISUTIL_POSITIVE_ERROR                              iswi.obl(CompHelperFuncs.obs)
97   ISUTIL_SCRIPT_FILE                                 Setup.obs
98   ISVERSION                                          iswi.obl(SysVarsConv.obs)
99   IS_NULLSTR_PTR                                     Setup.obs
100  LAAW_PARAMETERS                                    Setup.obs
101  LAAW_SHELLEXECUTEINFO                              Setup.obs
102  LAAW_SHELLEXECUTEVERB                              Setup.obs
103  LAAW_STARTUPINFO                                   Setup.obs
104  LAST_RESULT                                        Setup.obs
105  LVITEMW                                            Setup.obs
106  LV_COLUMNW                                         Setup.obs
107  LocalAppDataFolder                                 iswi.obl(DebugSymbolsConv.obs)
108  LogDB                                              Setup.obs
109  MAINTENANCE                                        iswi.obl(SysVarsConv.obs)
110  MAINT_OPTION                                       iswi.obl(SysVarsConv.obs)
111  MEDIA                                              Setup.obs
112  MEDIA_INFO                                         iswi.obl(FeatureConv.obs)
113  MODE                                               Setup.obs
114  MULTI_INSTANCE_COUNT                               iswi.obl(SysVarsConv.obs)
115  MainWindow                                         Setup.obs
116  MyPicturesFolder                                   iswi.obl(DebugSymbolsConv.obs)
117  NOTHING                                            Setup.obs
118  NetHoodFolder                                      iswi.obl(DebugSymbolsConv.obs)
119  OSINFO_PLATFORM_INFO                               Setup.obs
120  OSINFO_PROCESSOR_INFO                              Setup.obs
121  OSVERSIONINFOEXW                                   Setup.obs
122  OSVERSIONINFOW                                     Setup.obs
123  Objects                                            Setup.obs
124  OriginalDatabase                                   iswi.obl(DebugSymbolsConv.obs)
125  PACKAGE_LOCATION                                   iswi.obl(SysVarsConv.obs)
126  PATCH                                              iswi.obl(DebugSymbolsConv.obs)
127  PRIVILEGED                                         Setup.obs
128  PRODUCT_GUID                                       iswi.obl(SysVarsConv.obs)
129  PROGRAMFILES                                       iswi.obl(SysVarsConv.obs)
130  PROGRAMFILES64                                     iswi.obl(SysVarsConv.obs)
131  PersonalFolder                                     iswi.obl(DebugSymbolsConv.obs)
132  PrintHoodFolder                                    iswi.obl(DebugSymbolsConv.obs)
133  ProgramFiles64Folder                               iswi.obl(DebugSymbolsConv.obs)
134  ProgramFilesFolder                                 iswi.obl(DebugSymbolsConv.obs)
135  ProgramMenuFolder                                  iswi.obl(DebugSymbolsConv.obs)
136  RECT                                               Setup.obs
137  REGDB_OPTIONS                                      Setup.obs
138  REINSTALLMODE                                      iswi.obl(SysVarsConv.obs)
139  REMOVEALLMODE                                      iswi.obl(SysVarsConv.obs)
140  REMOVEONLY                                         iswi.obl(SysVarsConv.obs)
141  RUN_ONCE_PROGRAM                                   iswi.obl(SysVarsConv.obs)
142  Reboot                                             Setup.obs
143  RecentFolder                                       iswi.obl(DebugSymbolsConv.obs)
144  SELECTED_LANGUAGE                                  iswi.obl(SysVarsConv.obs)
145  SERVICE_IS_PARAMS                                  Setup.obs
146  SETUPTYPE_STR_COMPACT                              Setup.obs
147  SETUPTYPE_STR_COMPLETE                             Setup.obs
148  SETUPTYPE_STR_CUSTOM                               Setup.obs
149  SETUPTYPE_STR_TYPICAL                              Setup.obs
150  SHAREDSUPPORTDIR                                   iswi.obl(SysVarsConv.obs)
151  SHELLEXECUTEINFOW                                  Setup.obs
152  SHELL_OBJECT_FOLDER                                Setup.obs
153  SHOW_PASSWORD_DIALOG                               iswi.obl(SysVarsConv.obs)
154  SRCDIR                                             Setup.obs
155  SRCDISK                                            iswi.obl(SysVarsConv.obs)
156  STANDARD_SELECTED_LANGUAGE                         iswi.obl(SysVarsConv.obs)
157  STARTUPINFOW                                       Setup.obs
158  SUITE_HOSTED                                       iswi.obl(SysVarsConv.obs)
159  SUPPORTDIR                                         iswi.obl(SysVarsConv.obs)
160  SYSINFO                                            Setup.obs
161  SYSPROCESSORINFO                                   Setup.obs
162  SYSTEMTIME                                         Setup.obs
163  SendToFolder                                       iswi.obl(DebugSymbolsConv.obs)
164  SetupInfo                                          Setup.obs
165  SourceDir                                          iswi.obl(DebugSymbolsConv.obs)
166  StartMenuFolder                                    iswi.obl(DebugSymbolsConv.obs)
167  StartupFolder                                      iswi.obl(DebugSymbolsConv.obs)
168  StatusDlg                                          Setup.obs
169  SuiteHost                                          Setup.obs
170  System16Folder                                     iswi.obl(DebugSymbolsConv.obs)
171  System64Folder                                     iswi.obl(DebugSymbolsConv.obs)
172  SystemFolder                                       iswi.obl(DebugSymbolsConv.obs)
173  TARGETDIR                                          Setup.obs
174  TARGETDISK                                         iswi.obl(SysVarsConv.obs)
175  TempFolder                                         iswi.obl(DebugSymbolsConv.obs)
176  TemplateFolder                                     iswi.obl(DebugSymbolsConv.obs)
177  TextSub                                            Setup.obs
178  UNINST                                             Setup.obs
179  UNINSTALLKEY                                       Setup.obs
180  UNINSTALL_DISPLAYNAME                              Setup.obs
181  UNINSTALL_STRING                                   Setup.obs
182  UPDATEMODE                                         Setup.obs
183  WINDIR                                             iswi.obl(SysVarsConv.obs)
184  WINDISK                                            iswi.obl(SysVarsConv.obs)
185  WINSYSDIR                                          iswi.obl(SysVarsConv.obs)
186  WINSYSDIR64                                        iswi.obl(SysVarsConv.obs)
187  WINSYSDISK                                         iswi.obl(SysVarsConv.obs)
188  WindowsFolder                                      iswi.obl(DebugSymbolsConv.obs)
189  WindowsVolume                                      iswi.obl(DebugSymbolsConv.obs)
190  _INT64                                             Setup.obs
191  _LAAW_PARAMETERS                                   Setup.obs
192  _RESTOREPOINTINFO                                  Setup.obs
193  _SERVICE_IS_PARAMS                                 Setup.obs
194  _STATEMGRSTATUS                                    Setup.obs
195  _WIN9X                                             Setup.obs
196  _WINNT                                             Setup.obs
197  __gbAliasingOff                                    iswi.obl(CompHelperFuncs.obs)
198  __gbCheckForUpdate                                 iswi.obl(CompHelperFuncs.obs)
199  __gbGetTarget                                      iswi.obl(CompHelperFuncs.obs)
200  __gbInitialized                                    iswi.obl(CompHelperFuncs.obs)
201  __gbInstallInfo                                    Setup.obs
202  __gbMaintenance                                    iswi.obl(CompHelperFuncs.obs)
203  __gbReopening                                      iswi.obl(CompHelperFuncs.obs)
204  __ghActiveDataBase                                 iswi.obl(CompHelperFuncs.obs)
205  __ghErrFileHandle                                  iswi.obl(CompHelperFuncs.obs)
206  __ghMsiInstall                                     iswi.obl(CompHelperFuncs.obs)
207  __gnButtonSelected                                 iswi.obl(CompHelperFuncs.obs)
208  __gnLastError                                      iswi.obl(CompHelperFuncs.obs)
209  __gnMsiReturn                                      iswi.obl(CompHelperFuncs.obs)
210  __gnOSMask                                         iswi.obl(CompHelperFuncs.obs)
211  __gnScriptMode                                     iswi.obl(CompHelperFuncs.obs)
212  __goISDriver                                       iswi.obl(CompHelperFuncs.obs)
213  __goMsiServer                                      iswi.obl(CompHelperFuncs.obs)
214  __gsINSTALLDIR                                     iswi.obl(CompHelperFuncs.obs)
215  __gsProductGuid                                    iswi.obl(CompHelperFuncs.obs)
216  __gsSourceDir                                      iswi.obl(CompHelperFuncs.obs)
217  __hContext                                         Setup.obs
218  __objGlobalTextSub                                 Setup.obs
219  __objStringTable                                   iswi.obl(ISWiInit.obs)
220  __szGUID                                           Setup.obs
221  bBackButton                                        Setup.obs
222  bCancelButton                                      Setup.obs
223  bEnterDiskBeep                                     Setup.obs
224  bFinishButton                                      Setup.obs
225  bInstall16                                         Setup.obs
226  bNextButton                                        Setup.obs
227  bSdInit                                            Setup.obs
228  bViewCmptKunits                                    Setup.obs
229  bViewCmptUseDecimal                                Setup.obs
230  g_bSuppressMissingStringWarning                    iswi.obl(DriverConv.obs)
231  g_nDlgAskPath                                      Setup.obs
232  nDlgMessageBox                                     Setup.obs
233  nDlgSelectDir                                      Setup.obs
234  nDlgSetupType2                                     Setup.obs
235  nDlgSprintfBox                                     Setup.obs
236  nSdAskDestPath                                     Setup.obs
237  nSdComponentTree                                   Setup.obs
238  nSdDiskSpaceRequirements                           Setup.obs
239  nSdFinish                                          Setup.obs
240  nSdFinishReboot                                    Setup.obs
241  nSdOutOfDiskSpace                                  Setup.obs
242  nSdPatchWelcome                                    Setup.obs
243  nSdRegisterUser                                    Setup.obs
244  nSdStartCopy2                                      Setup.obs
245  nSdWelcome                                         Setup.obs
246  nSdWelcomeMaint                                    Setup.obs
247  szAppKey                                           Setup.obs
248  szSdProduct                                        Setup.obs
249  szSdStr_NotEnoughSpace                             Setup.obs
